[
  {"type":"NameOther","value":"has"},
  {"type":"TextWhitespace","value":" "},
  {"type":"LiteralString","value":"\"Hello\""},
  {"type":"TextWhitespace","value":" "},
  {"type":"Operator","value":"("},
  {"type":"NameOther","value":"get"},
  {"type":"TextWhitespace","value":" "},
  {"type":"NameAttribute","value":".headers"},
  {"type":"TextWhitespace","value":" "},
  {"type":"LiteralString","value":"\"x-my-header\""},
  {"type":"Operator","value":")"},
  {"type":"TextWhitespace","value":"\n\n"},
  {"type":"NameOther","value":"listFindRegex"},
  {"type":"TextWhitespace","value":" "},
  {"type":"Operator","value":"("},
  {"type":"NameOther","value":"get"},
  {"type":"TextWhitespace","value":" "},
  {"type":"NameAttribute","value":".headers"},
  {"type":"TextWhitespace","value":" "},
  {"type":"LiteralString","value":"\"x-my-header\""},
  {"type":"Operator","value":")"},
  {"type":"TextWhitespace","value":" "},
  {"type":"LiteralString","value":"\"Hello\""},
  {"type":"TextWhitespace","value":"\n\n"},
  {"type":"Keyword","value":"eq"},
  {"type":"TextWhitespace","value":" "},
  {"type":"NameOther","value":"1"},
  {"type":"TextWhitespace","value":" "},
  {"type":"NameOther","value":"2"}
]
